[2020-10-18T15:34:06.899+0000][6][gc] Using G1
[2020-10-18T15:34:07.496+0000][6][gc,init] Version: 15+36 (release)
[2020-10-18T15:34:07.496+0000][6][gc,init] CPUs: 4 total, 4 available
[2020-10-18T15:34:07.496+0000][6][gc,init] Memory: 7860M
[2020-10-18T15:34:07.496+0000][6][gc,init] Large Page Support: Disabled
[2020-10-18T15:34:07.496+0000][6][gc,init] NUMA Support: Disabled
[2020-10-18T15:34:07.496+0000][6][gc,init] Compressed Oops: Enabled (32-bit)
[2020-10-18T15:34:07.496+0000][6][gc,init] Heap Region Size: 1M
[2020-10-18T15:34:07.496+0000][6][gc,init] Heap Min Capacity: 1G
[2020-10-18T15:34:07.496+0000][6][gc,init] Heap Initial Capacity: 1G
[2020-10-18T15:34:07.496+0000][6][gc,init] Heap Max Capacity: 1G
[2020-10-18T15:34:07.496+0000][6][gc,init] Pre-touch: Enabled
[2020-10-18T15:34:07.496+0000][6][gc,init] Parallel Workers: 4
[2020-10-18T15:34:07.496+0000][6][gc,init] Concurrent Workers: 1
[2020-10-18T15:34:07.496+0000][6][gc,init] Concurrent Refinement Workers: 4
[2020-10-18T15:34:07.496+0000][6][gc,init] Periodic GC: Disabled
[2020-10-18T15:34:07.497+0000][6][gc,cds ] Mark closed archive regions in map: [0x00000000fff00000, 0x00000000fff7bff8]
[2020-10-18T15:34:07.497+0000][6][gc,cds ] Mark open archive regions in map: [0x00000000ffe00000, 0x00000000ffe51ff8]
[2020-10-18T15:34:07.497+0000][6][gc,metaspace] CDS archive(s) mapped at: [0x0000000800000000-0x0000000800b29000-0x0000000800b29000), size 11702272, SharedBaseAddress: 0x0000000800000000, ArchiveRelocationMode: 0.
[2020-10-18T15:34:07.497+0000][6][gc,metaspace] Compressed class space mapped at: 0x0000000800b2c000-0x0000000840b2c000, size: 1073741824
[2020-10-18T15:34:07.497+0000][6][gc,metaspace] Narrow klass base: 0x0000000800000000, Narrow klass shift: 3, Narrow klass range: 0x100000000
[2020-10-18T15:34:08.529+0000][6][safepoint   ] Safepoint "Cleanup", Time since last: 1024959409 ns, Reaching safepoint: 122021 ns, At safepoint: 3097 ns, Total: 125118 ns
[2020-10-18T15:34:09.794+0000][6][safepoint   ] Safepoint "Cleanup", Time since last: 1259137224 ns, Reaching safepoint: 5601357 ns, At safepoint: 9412 ns, Total: 5610769 ns
[2020-10-18T15:34:10.988+0000][6][safepoint   ] Safepoint "Cleanup", Time since last: 1193742067 ns, Reaching safepoint: 702020 ns, At safepoint: 7002 ns, Total: 709022 ns
[2020-10-18T15:34:11.277+0000][6][gc,start    ] GC(0) Pause Young (Normal) (G1 Evacuation Pause)
[2020-10-18T15:34:11.279+0000][6][gc,task     ] GC(0) Using 4 workers of 4 for evacuation
[2020-10-18T15:34:11.279+0000][6][gc,age      ] GC(0) Desired survivor size 3670016 bytes, new threshold 15 (max threshold 15)
[2020-10-18T15:34:11.298+0000][6][gc,age      ] GC(0) Age table with threshold 15 (max threshold 15)
[2020-10-18T15:34:11.298+0000][6][gc,age      ] GC(0) - age   1:    5909952 bytes,    5909952 total
[2020-10-18T15:34:11.298+0000][6][gc,phases   ] GC(0)   Pre Evacuate Collection Set: 0.3ms
[2020-10-18T15:34:11.298+0000][6][gc,phases   ] GC(0)   Merge Heap Roots: 0.1ms
[2020-10-18T15:34:11.298+0000][6][gc,phases   ] GC(0)   Evacuate Collection Set: 15.2ms
[2020-10-18T15:34:11.298+0000][6][gc,phases   ] GC(0)   Post Evacuate Collection Set: 3.2ms
[2020-10-18T15:34:11.298+0000][6][gc,phases   ] GC(0)   Other: 2.6ms
[2020-10-18T15:34:11.298+0000][6][gc,heap     ] GC(0) Eden regions: 51->0(46)
[2020-10-18T15:34:11.298+0000][6][gc,heap     ] GC(0) Survivor regions: 0->6(7)
[2020-10-18T15:34:11.298+0000][6][gc,heap     ] GC(0) Old regions: 0->0
[2020-10-18T15:34:11.298+0000][6][gc,heap     ] GC(0) Archive regions: 2->2
[2020-10-18T15:34:11.298+0000][6][gc,heap     ] GC(0) Humongous regions: 1->1
[2020-10-18T15:34:11.298+0000][6][gc,metaspace] GC(0) Metaspace: 13567K(14080K)->13567K(14080K) NonClass: 11954K(12288K)->11954K(12288K) Class: 1613K(1792K)->1613K(1792K)
[2020-10-18T15:34:11.298+0000][6][gc          ] GC(0) Pause Young (Normal) (G1 Evacuation Pause) 52M->7M(1024M) 21.541ms
[2020-10-18T15:34:11.298+0000][6][gc,cpu      ] GC(0) User=0.02s Sys=0.00s Real=0.02s
[2020-10-18T15:34:11.298+0000][6][safepoint   ] Safepoint "G1CollectForAllocation", Time since last: 288473411 ns, Reaching safepoint: 84133 ns, At safepoint: 21619341 ns, Total: 21703474 ns
[2020-10-18T15:34:12.298+0000][6][safepoint   ] Safepoint "Cleanup", Time since last: 1000109694 ns, Reaching safepoint: 120664 ns, At safepoint: 6720 ns, Total: 127384 ns
[2020-10-18T15:34:12.363+0000][6][safepoint   ] Safepoint "ICBufferFull", Time since last: 64729994 ns, Reaching safepoint: 159630 ns, At safepoint: 5873 ns, Total: 165503 ns
[2020-10-18T15:34:12.370+0000][6][safepoint   ] Safepoint "ICBufferFull", Time since last: 6105327 ns, Reaching safepoint: 147208 ns, At safepoint: 6129 ns, Total: 153337 ns
[2020-10-18T15:34:12.376+0000][6][safepoint   ] Safepoint "ICBufferFull", Time since last: 6046731 ns, Reaching safepoint: 162953 ns, At safepoint: 4826 ns, Total: 167779 ns
[2020-10-18T15:34:12.382+0000][6][safepoint   ] Safepoint "ICBufferFull", Time since last: 5676107 ns, Reaching safepoint: 729557 ns, At safepoint: 9760 ns, Total: 739317 ns
[2020-10-18T15:34:12.393+0000][6][safepoint   ] Safepoint "ICBufferFull", Time since last: 11057580 ns, Reaching safepoint: 144613 ns, At safepoint: 4911 ns, Total: 149524 ns
[2020-10-18T15:34:12.406+0000][6][safepoint   ] Safepoint "ICBufferFull", Time since last: 12042867 ns, Reaching safepoint: 143825 ns, At safepoint: 4370 ns, Total: 148195 ns
[2020-10-18T15:34:12.412+0000][6][safepoint   ] Safepoint "ICBufferFull", Time since last: 6145446 ns, Reaching safepoint: 116301 ns, At safepoint: 4509 ns, Total: 120810 ns
[2020-10-18T15:34:12.417+0000][6][safepoint   ] Safepoint "ICBufferFull", Time since last: 5255267 ns, Reaching safepoint: 145197 ns, At safepoint: 4531 ns, Total: 149728 ns
[2020-10-18T15:34:12.422+0000][6][safepoint   ] Safepoint "ICBufferFull", Time since last: 4882876 ns, Reaching safepoint: 226006 ns, At safepoint: 4999 ns, Total: 231005 ns
[2020-10-18T15:34:12.452+0000][6][safepoint   ] Safepoint "ICBufferFull", Time since last: 20817039 ns, Reaching safepoint: 8397463 ns, At safepoint: 13362 ns, Total: 8410825 ns
[2020-10-18T15:34:12.458+0000][6][safepoint   ] Safepoint "ICBufferFull", Time since last: 5958451 ns, Reaching safepoint: 400713 ns, At safepoint: 6221 ns, Total: 406934 ns
[2020-10-18T15:34:12.472+0000][6][safepoint   ] Safepoint "ICBufferFull", Time since last: 13997195 ns, Reaching safepoint: 262582 ns, At safepoint: 5771 ns, Total: 268353 ns
[2020-10-18T15:34:12.480+0000][6][safepoint   ] Safepoint "ICBufferFull", Time since last: 7534000 ns, Reaching safepoint: 140943 ns, At safepoint: 4768 ns, Total: 145711 ns
[2020-10-18T15:34:12.486+0000][6][safepoint   ] Safepoint "ICBufferFull", Time since last: 5762578 ns, Reaching safepoint: 199702 ns, At safepoint: 6185 ns, Total: 205887 ns
[2020-10-18T15:34:12.504+0000][6][safepoint   ] Safepoint "ICBufferFull", Time since last: 13207910 ns, Reaching safepoint: 4771745 ns, At safepoint: 6545 ns, Total: 4778290 ns
[2020-10-18T15:34:12.509+0000][6][safepoint   ] Safepoint "ICBufferFull", Time since last: 5063016 ns, Reaching safepoint: 410445 ns, At safepoint: 6691 ns, Total: 417136 ns
[2020-10-18T15:34:12.517+0000][6][safepoint   ] Safepoint "ICBufferFull", Time since last: 7758469 ns, Reaching safepoint: 154686 ns, At safepoint: 6208 ns, Total: 160894 ns
[2020-10-18T15:34:12.536+0000][6][safepoint   ] Safepoint "ICBufferFull", Time since last: 15379966 ns, Reaching safepoint: 3216899 ns, At safepoint: 6820 ns, Total: 3223719 ns
[2020-10-18T15:34:12.544+0000][6][gc,start    ] GC(1) Pause Young (Normal) (G1 Evacuation Pause)
[2020-10-18T15:34:12.544+0000][6][gc,task     ] GC(1) Using 4 workers of 4 for evacuation
[2020-10-18T15:34:12.544+0000][6][gc,age      ] GC(1) Desired survivor size 3670016 bytes, new threshold 1 (max threshold 15)
[2020-10-18T15:34:12.572+0000][6][gc,age      ] GC(1) Age table with threshold 1 (max threshold 15)
[2020-10-18T15:34:12.572+0000][6][gc,age      ] GC(1) - age   1:    2234776 bytes,    2234776 total
[2020-10-18T15:34:12.572+0000][6][gc,phases   ] GC(1)   Pre Evacuate Collection Set: 0.2ms
[2020-10-18T15:34:12.572+0000][6][gc,phases   ] GC(1)   Merge Heap Roots: 0.1ms
[2020-10-18T15:34:12.572+0000][6][gc,phases   ] GC(1)   Evacuate Collection Set: 27.1ms
[2020-10-18T15:34:12.572+0000][6][gc,phases   ] GC(1)   Post Evacuate Collection Set: 0.7ms
[2020-10-18T15:34:12.572+0000][6][gc,phases   ] GC(1)   Other: 0.2ms
[2020-10-18T15:34:12.572+0000][6][gc,heap     ] GC(1) Eden regions: 46->0(59)
[2020-10-18T15:34:12.572+0000][6][gc,heap     ] GC(1) Survivor regions: 6->3(7)
[2020-10-18T15:34:12.572+0000][6][gc,heap     ] GC(1) Old regions: 0->6
[2020-10-18T15:34:12.572+0000][6][gc,heap     ] GC(1) Archive regions: 2->2
[2020-10-18T15:34:12.572+0000][6][gc,heap     ] GC(1) Humongous regions: 2->1
[2020-10-18T15:34:12.572+0000][6][gc,metaspace] GC(1) Metaspace: 15857K(16384K)->15857K(16384K) NonClass: 13958K(14336K)->13958K(14336K) Class: 1899K(2048K)->1899K(2048K)
[2020-10-18T15:34:12.572+0000][6][gc          ] GC(1) Pause Young (Normal) (G1 Evacuation Pause) 54M->9M(1024M) 28.416ms
[2020-10-18T15:34:12.572+0000][6][gc,cpu      ] GC(1) User=0.05s Sys=0.00s Real=0.03s
[2020-10-18T15:34:12.572+0000][6][safepoint   ] Safepoint "G1CollectForAllocation", Time since last: 3005697 ns, Reaching safepoint: 4996401 ns, At safepoint: 28486967 ns, Total: 33483368 ns
[2020-10-18T15:34:12.577+0000][6][safepoint   ] Safepoint "ICBufferFull", Time since last: 4282782 ns, Reaching safepoint: 452009 ns, At safepoint: 5866 ns, Total: 457875 ns
[2020-10-18T15:34:12.579+0000][6][safepoint   ] Safepoint "ICBufferFull", Time since last: 2079708 ns, Reaching safepoint: 136417 ns, At safepoint: 4101 ns, Total: 140518 ns
[2020-10-18T15:34:12.586+0000][6][safepoint   ] Safepoint "ICBufferFull", Time since last: 6608060 ns, Reaching safepoint: 83674 ns, At safepoint: 5520 ns, Total: 89194 ns
[2020-10-18T15:34:12.587+0000][6][safepoint   ] Safepoint "ICBufferFull", Time since last: 1369469 ns, Reaching safepoint: 71771 ns, At safepoint: 5289 ns, Total: 77060 ns
[2020-10-18T15:34:12.589+0000][6][safepoint   ] Safepoint "ICBufferFull", Time since last: 1238105 ns, Reaching safepoint: 131064 ns, At safepoint: 5356 ns, Total: 136420 ns
[2020-10-18T15:34:12.590+0000][6][safepoint   ] Safepoint "ICBufferFull", Time since last: 1182607 ns, Reaching safepoint: 132445 ns, At safepoint: 4210 ns, Total: 136655 ns
[2020-10-18T15:34:12.591+0000][6][safepoint   ] Safepoint "ICBufferFull", Time since last: 1137215 ns, Reaching safepoint: 121527 ns, At safepoint: 4164 ns, Total: 125691 ns
[2020-10-18T15:34:12.595+0000][6][safepoint   ] Safepoint "ICBufferFull", Time since last: 3363061 ns, Reaching safepoint: 162114 ns, At safepoint: 4921 ns, Total: 167035 ns
[2020-10-18T15:34:12.598+0000][6][safepoint   ] Safepoint "ICBufferFull", Time since last: 2442647 ns, Reaching safepoint: 132566 ns, At safepoint: 4203 ns, Total: 136769 ns
[2020-10-18T15:34:12.599+0000][6][safepoint   ] Safepoint "ICBufferFull", Time since last: 1135156 ns, Reaching safepoint: 123804 ns, At safepoint: 4032 ns, Total: 127836 ns
[2020-10-18T15:34:12.603+0000][6][safepoint   ] Safepoint "ICBufferFull", Time since last: 3918693 ns, Reaching safepoint: 130327 ns, At safepoint: 7132 ns, Total: 137459 ns
[2020-10-18T15:34:12.606+0000][6][safepoint   ] Safepoint "ICBufferFull", Time since last: 1500193 ns, Reaching safepoint: 1148173 ns, At safepoint: 12453 ns, Total: 1160626 ns
[2020-10-18T15:34:12.611+0000][6][safepoint   ] Safepoint "ICBufferFull", Time since last: 3746513 ns, Reaching safepoint: 2050450 ns, At safepoint: 17685 ns, Total: 2068135 ns
[2020-10-18T15:34:12.620+0000][6][safepoint   ] Safepoint "ICBufferFull", Time since last: 8681965 ns, Reaching safepoint: 131901 ns, At safepoint: 23716 ns, Total: 155617 ns
[2020-10-18T15:34:12.632+0000][6][safepoint   ] Safepoint "ICBufferFull", Time since last: 12088920 ns, Reaching safepoint: 128206 ns, At safepoint: 3965 ns, Total: 132171 ns
[2020-10-18T15:34:12.634+0000][6][safepoint   ] Safepoint "ICBufferFull", Time since last: 1148055 ns, Reaching safepoint: 121875 ns, At safepoint: 3520 ns, Total: 125395 ns
[2020-10-18T15:34:12.635+0000][6][safepoint   ] Safepoint "ICBufferFull", Time since last: 1629881 ns, Reaching safepoint: 176986 ns, At safepoint: 13273 ns, Total: 190259 ns
[2020-10-18T15:34:12.637+0000][6][safepoint   ] Safepoint "ICBufferFull", Time since last: 1266065 ns, Reaching safepoint: 66944 ns, At safepoint: 4177 ns, Total: 71121 ns
[2020-10-18T15:34:12.659+0000][6][safepoint   ] Safepoint "ICBufferFull", Time since last: 18775975 ns, Reaching safepoint: 2920529 ns, At safepoint: 11000 ns, Total: 2931529 ns
[2020-10-18T15:34:12.674+0000][6][safepoint   ] Safepoint "ICBufferFull", Time since last: 15195870 ns, Reaching safepoint: 219700 ns, At safepoint: 4824 ns, Total: 224524 ns
[2020-10-18T15:34:12.678+0000][6][safepoint   ] Safepoint "ICBufferFull", Time since last: 4041167 ns, Reaching safepoint: 77572 ns, At safepoint: 5591 ns, Total: 83163 ns
[2020-10-18T15:34:12.759+0000][6][safepoint   ] Safepoint "ICBufferFull", Time since last: 80468006 ns, Reaching safepoint: 799919 ns, At safepoint: 9179 ns, Total: 809098 ns
[2020-10-18T15:34:12.763+0000][6][safepoint   ] Safepoint "ICBufferFull", Time since last: 3611571 ns, Reaching safepoint: 57501 ns, At safepoint: 4679 ns, Total: 62180 ns
[2020-10-18T15:34:12.765+0000][6][safepoint   ] Safepoint "ICBufferFull", Time since last: 1395566 ns, Reaching safepoint: 133115 ns, At safepoint: 6966 ns, Total: 140081 ns
[2020-10-18T15:34:12.769+0000][6][safepoint   ] Safepoint "ICBufferFull", Time since last: 4082903 ns, Reaching safepoint: 49788 ns, At safepoint: 4984 ns, Total: 54772 ns
[2020-10-18T15:34:12.770+0000][6][safepoint   ] Safepoint "ICBufferFull", Time since last: 1086769 ns, Reaching safepoint: 45802 ns, At safepoint: 4869 ns, Total: 50671 ns
[2020-10-18T15:34:12.774+0000][6][safepoint   ] Safepoint "ICBufferFull", Time since last: 2571190 ns, Reaching safepoint: 1208987 ns, At safepoint: 10679 ns, Total: 1219666 ns
[2020-10-18T15:34:12.775+0000][6][safepoint   ] Safepoint "ICBufferFull", Time since last: 1178287 ns, Reaching safepoint: 61939 ns, At safepoint: 5045 ns, Total: 66984 ns
[2020-10-18T15:34:12.777+0000][6][safepoint   ] Safepoint "ICBufferFull", Time since last: 1802083 ns, Reaching safepoint: 84226 ns, At safepoint: 5320 ns, Total: 89546 ns
[2020-10-18T15:34:12.778+0000][6][safepoint   ] Safepoint "ICBufferFull", Time since last: 1153307 ns, Reaching safepoint: 69932 ns, At safepoint: 4867 ns, Total: 74799 ns
[2020-10-18T15:34:12.780+0000][6][safepoint   ] Safepoint "ICBufferFull", Time since last: 1476562 ns, Reaching safepoint: 68177 ns, At safepoint: 4548 ns, Total: 72725 ns
[2020-10-18T15:34:12.782+0000][6][safepoint   ] Safepoint "ICBufferFull", Time since last: 2785941 ns, Reaching safepoint: 68458 ns, At safepoint: 4810 ns, Total: 73268 ns
[2020-10-18T15:34:12.788+0000][6][safepoint   ] Safepoint "ICBufferFull", Time since last: 5716606 ns, Reaching safepoint: 62133 ns, At safepoint: 5759 ns, Total: 67892 ns
[2020-10-18T15:34:12.789+0000][6][safepoint   ] Safepoint "ICBufferFull", Time since last: 1201979 ns, Reaching safepoint: 65756 ns, At safepoint: 5882 ns, Total: 71638 ns
[2020-10-18T15:34:12.791+0000][6][safepoint   ] Safepoint "ICBufferFull", Time since last: 1140184 ns, Reaching safepoint: 62519 ns, At safepoint: 6898 ns, Total: 69417 ns
[2020-10-18T15:34:12.792+0000][6][safepoint   ] Safepoint "ICBufferFull", Time since last: 1103207 ns, Reaching safepoint: 54681 ns, At safepoint: 6490 ns, Total: 61171 ns
[2020-10-18T15:34:12.793+0000][6][safepoint   ] Safepoint "ICBufferFull", Time since last: 1142796 ns, Reaching safepoint: 64390 ns, At safepoint: 6814 ns, Total: 71204 ns
[2020-10-18T15:34:12.794+0000][6][safepoint   ] Safepoint "ICBufferFull", Time since last: 1349828 ns, Reaching safepoint: 65885 ns, At safepoint: 5887 ns, Total: 71772 ns
[2020-10-18T15:34:12.798+0000][6][safepoint   ] Safepoint "ICBufferFull", Time since last: 3021165 ns, Reaching safepoint: 67279 ns, At safepoint: 5747 ns, Total: 73026 ns
[2020-10-18T15:34:12.802+0000][6][safepoint   ] Safepoint "ICBufferFull", Time since last: 4109209 ns, Reaching safepoint: 66595 ns, At safepoint: 6898 ns, Total: 73493 ns
[2020-10-18T15:34:12.803+0000][6][safepoint   ] Safepoint "ICBufferFull", Time since last: 1186511 ns, Reaching safepoint: 70999 ns, At safepoint: 5710 ns, Total: 76709 ns
[2020-10-18T15:34:13.510+0000][6][gc,start    ] GC(2) Pause Young (Normal) (G1 Evacuation Pause)
[2020-10-18T15:34:13.510+0000][6][gc,task     ] GC(2) Using 4 workers of 4 for evacuation
[2020-10-18T15:34:13.510+0000][6][gc,age      ] GC(2) Desired survivor size 4194304 bytes, new threshold 15 (max threshold 15)
[2020-10-18T15:34:13.536+0000][6][gc,age      ] GC(2) Age table with threshold 15 (max threshold 15)
[2020-10-18T15:34:13.536+0000][6][gc,age      ] GC(2) - age   1:    2109024 bytes,    2109024 total
[2020-10-18T15:34:13.536+0000][6][gc,age      ] GC(2) - age   2:    2202128 bytes,    4311152 total
[2020-10-18T15:34:13.536+0000][6][gc,phases   ] GC(2)   Pre Evacuate Collection Set: 0.1ms
[2020-10-18T15:34:13.536+0000][6][gc,phases   ] GC(2)   Merge Heap Roots: 1.5ms
[2020-10-18T15:34:13.536+0000][6][gc,phases   ] GC(2)   Evacuate Collection Set: 12.0ms
[2020-10-18T15:34:13.536+0000][6][gc,phases   ] GC(2)   Post Evacuate Collection Set: 12.3ms
[2020-10-18T15:34:13.536+0000][6][gc,phases   ] GC(2)   Other: 0.3ms
[2020-10-18T15:34:13.536+0000][6][gc,heap     ] GC(2) Eden regions: 59->0(195)
[2020-10-18T15:34:13.536+0000][6][gc,heap     ] GC(2) Survivor regions: 3->5(8)
[2020-10-18T15:34:13.536+0000][6][gc,heap     ] GC(2) Old regions: 6->6
[2020-10-18T15:34:13.536+0000][6][gc,heap     ] GC(2) Archive regions: 2->2
[2020-10-18T15:34:13.536+0000][6][gc,heap     ] GC(2) Humongous regions: 1->1
[2020-10-18T15:34:13.536+0000][6][gc,metaspace] GC(2) Metaspace: 17522K(18176K)->17522K(18176K) NonClass: 15425K(15872K)->15425K(15872K) Class: 2096K(2304K)->2096K(2304K)
[2020-10-18T15:34:13.536+0000][6][gc          ] GC(2) Pause Young (Normal) (G1 Evacuation Pause) 68M->11M(1024M) 26.253ms
[2020-10-18T15:34:13.536+0000][6][gc,cpu      ] GC(2) User=0.01s Sys=0.01s Real=0.03s
[2020-10-18T15:34:13.536+0000][6][safepoint   ] Safepoint "G1CollectForAllocation", Time since last: 704783793 ns, Reaching safepoint: 2225032 ns, At safepoint: 26368265 ns, Total: 28593297 ns
[2020-10-18T15:34:14.716+0000][6][gc,start    ] GC(3) Pause Young (Normal) (G1 Evacuation Pause)
[2020-10-18T15:34:14.717+0000][6][gc,task     ] GC(3) Using 4 workers of 4 for evacuation
[2020-10-18T15:34:14.717+0000][6][gc,age      ] GC(3) Desired survivor size 13107200 bytes, new threshold 15 (max threshold 15)
[2020-10-18T15:34:14.735+0000][6][gc,age      ] GC(3) Age table with threshold 15 (max threshold 15)
[2020-10-18T15:34:14.735+0000][6][gc,age      ] GC(3) - age   1:    3877520 bytes,    3877520 total
[2020-10-18T15:34:14.735+0000][6][gc,age      ] GC(3) - age   2:    1431424 bytes,    5308944 total
[2020-10-18T15:34:14.735+0000][6][gc,age      ] GC(3) - age   3:    2202104 bytes,    7511048 total
[2020-10-18T15:34:14.735+0000][6][gc,phases   ] GC(3)   Pre Evacuate Collection Set: 0.2ms
[2020-10-18T15:34:14.735+0000][6][gc,phases   ] GC(3)   Merge Heap Roots: 0.1ms
[2020-10-18T15:34:14.735+0000][6][gc,phases   ] GC(3)   Evacuate Collection Set: 15.9ms
[2020-10-18T15:34:14.735+0000][6][gc,phases   ] GC(3)   Post Evacuate Collection Set: 2.3ms
[2020-10-18T15:34:14.735+0000][6][gc,phases   ] GC(3)   Other: 0.4ms
[2020-10-18T15:34:14.735+0000][6][gc,heap     ] GC(3) Eden regions: 195->0(606)
[2020-10-18T15:34:14.735+0000][6][gc,heap     ] GC(3) Survivor regions: 5->8(25)
[2020-10-18T15:34:14.735+0000][6][gc,heap     ] GC(3) Old regions: 6->6
[2020-10-18T15:34:14.735+0000][6][gc,heap     ] GC(3) Archive regions: 2->2
[2020-10-18T15:34:14.735+0000][6][gc,heap     ] GC(3) Humongous regions: 1->1
[2020-10-18T15:34:14.735+0000][6][gc,metaspace] GC(3) Metaspace: 18322K(19072K)->18322K(19072K) NonClass: 16107K(16640K)->16107K(16640K) Class: 2214K(2432K)->2214K(2432K)
[2020-10-18T15:34:14.735+0000][6][gc          ] GC(3) Pause Young (Normal) (G1 Evacuation Pause) 206M->14M(1024M) 19.015ms
[2020-10-18T15:34:14.735+0000][6][gc,cpu      ] GC(3) User=0.04s Sys=0.00s Real=0.02s
[2020-10-18T15:34:14.735+0000][6][safepoint   ] Safepoint "G1CollectForAllocation", Time since last: 1179311859 ns, Reaching safepoint: 655972 ns, At safepoint: 19129302 ns, Total: 19785274 ns
[2020-10-18T15:34:15.014+0000][6][gc,heap,exit] Heap
[2020-10-18T15:34:15.014+0000][6][gc,heap,exit]  garbage-first heap   total 1048576K, used 70365K [0x00000000c0000000, 0x0000000100000000)
[2020-10-18T15:34:15.014+0000][6][gc,heap,exit]   region size 1024K, 63 young (64512K), 8 survivors (8192K)
[2020-10-18T15:34:15.014+0000][6][gc,heap,exit]  Metaspace       used 18503K, capacity 19134K, committed 19456K, reserved 1067008K
[2020-10-18T15:34:15.014+0000][6][gc,heap,exit]   class space    used 2233K, capacity 2438K, committed 2560K, reserved 1048576K
