[2020-10-18T15:34:59.019+0000][6][gc] Using G1
[2020-10-18T15:34:59.542+0000][6][gc,init] Version: 15+36 (release)
[2020-10-18T15:34:59.542+0000][6][gc,init] CPUs: 4 total, 4 available
[2020-10-18T15:34:59.542+0000][6][gc,init] Memory: 7860M
[2020-10-18T15:34:59.542+0000][6][gc,init] Large Page Support: Disabled
[2020-10-18T15:34:59.542+0000][6][gc,init] NUMA Support: Disabled
[2020-10-18T15:34:59.542+0000][6][gc,init] Compressed Oops: Enabled (32-bit)
[2020-10-18T15:34:59.542+0000][6][gc,init] Heap Region Size: 1M
[2020-10-18T15:34:59.542+0000][6][gc,init] Heap Min Capacity: 1G
[2020-10-18T15:34:59.542+0000][6][gc,init] Heap Initial Capacity: 1G
[2020-10-18T15:34:59.542+0000][6][gc,init] Heap Max Capacity: 1G
[2020-10-18T15:34:59.542+0000][6][gc,init] Pre-touch: Enabled
[2020-10-18T15:34:59.542+0000][6][gc,init] Parallel Workers: 4
[2020-10-18T15:34:59.542+0000][6][gc,init] Concurrent Workers: 1
[2020-10-18T15:34:59.542+0000][6][gc,init] Concurrent Refinement Workers: 4
[2020-10-18T15:34:59.542+0000][6][gc,init] Periodic GC: Disabled
[2020-10-18T15:34:59.542+0000][6][gc,cds ] Mark closed archive regions in map: [0x00000000fff00000, 0x00000000fff7bff8]
[2020-10-18T15:34:59.542+0000][6][gc,cds ] Mark open archive regions in map: [0x00000000ffe00000, 0x00000000ffe51ff8]
[2020-10-18T15:34:59.542+0000][6][gc,metaspace] CDS archive(s) mapped at: [0x0000000800000000-0x0000000800b29000-0x0000000800b29000), size 11702272, SharedBaseAddress: 0x0000000800000000, ArchiveRelocationMode: 0.
[2020-10-18T15:34:59.542+0000][6][gc,metaspace] Compressed class space mapped at: 0x0000000800b2c000-0x0000000840b2c000, size: 1073741824
[2020-10-18T15:34:59.542+0000][6][gc,metaspace] Narrow klass base: 0x0000000800000000, Narrow klass shift: 3, Narrow klass range: 0x100000000
[2020-10-18T15:35:00.678+0000][6][safepoint   ] Safepoint "Cleanup", Time since last: 1100752079 ns, Reaching safepoint: 6486770 ns, At safepoint: 16972 ns, Total: 6503742 ns
[2020-10-18T15:35:01.843+0000][6][safepoint   ] Safepoint "Cleanup", Time since last: 1165452409 ns, Reaching safepoint: 111131 ns, At safepoint: 3974 ns, Total: 115105 ns
[2020-10-18T15:35:02.975+0000][6][safepoint   ] Safepoint "Cleanup", Time since last: 1131841979 ns, Reaching safepoint: 134496 ns, At safepoint: 3993 ns, Total: 138489 ns
[2020-10-18T15:35:03.174+0000][6][gc,start    ] GC(0) Pause Young (Normal) (G1 Evacuation Pause)
[2020-10-18T15:35:03.175+0000][6][gc,task     ] GC(0) Using 4 workers of 4 for evacuation
[2020-10-18T15:35:03.175+0000][6][gc,age      ] GC(0) Desired survivor size 3670016 bytes, new threshold 15 (max threshold 15)
[2020-10-18T15:35:03.199+0000][6][gc,age      ] GC(0) Age table with threshold 15 (max threshold 15)
[2020-10-18T15:35:03.199+0000][6][gc,age      ] GC(0) - age   1:    6054272 bytes,    6054272 total
[2020-10-18T15:35:03.199+0000][6][gc,phases   ] GC(0)   Pre Evacuate Collection Set: 0.2ms
[2020-10-18T15:35:03.199+0000][6][gc,phases   ] GC(0)   Merge Heap Roots: 0.1ms
[2020-10-18T15:35:03.199+0000][6][gc,phases   ] GC(0)   Evacuate Collection Set: 19.6ms
[2020-10-18T15:35:03.199+0000][6][gc,phases   ] GC(0)   Post Evacuate Collection Set: 4.6ms
[2020-10-18T15:35:03.199+0000][6][gc,phases   ] GC(0)   Other: 0.6ms
[2020-10-18T15:35:03.199+0000][6][gc,heap     ] GC(0) Eden regions: 51->0(45)
[2020-10-18T15:35:03.199+0000][6][gc,heap     ] GC(0) Survivor regions: 0->6(7)
[2020-10-18T15:35:03.199+0000][6][gc,heap     ] GC(0) Old regions: 0->0
[2020-10-18T15:35:03.199+0000][6][gc,heap     ] GC(0) Archive regions: 2->2
[2020-10-18T15:35:03.199+0000][6][gc,heap     ] GC(0) Humongous regions: 1->1
[2020-10-18T15:35:03.199+0000][6][gc,metaspace] GC(0) Metaspace: 13602K(14080K)->13602K(14080K) NonClass: 11993K(12288K)->11993K(12288K) Class: 1608K(1792K)->1608K(1792K)
[2020-10-18T15:35:03.199+0000][6][gc          ] GC(0) Pause Young (Normal) (G1 Evacuation Pause) 52M->7M(1024M) 25.180ms
[2020-10-18T15:35:03.199+0000][6][gc,cpu      ] GC(0) User=0.03s Sys=0.00s Real=0.02s
[2020-10-18T15:35:03.199+0000][6][safepoint   ] Safepoint "G1CollectForAllocation", Time since last: 198851763 ns, Reaching safepoint: 71507 ns, At safepoint: 25259778 ns, Total: 25331285 ns
[2020-10-18T15:35:04.155+0000][6][safepoint   ] Safepoint "ICBufferFull", Time since last: 955776226 ns, Reaching safepoint: 142635 ns, At safepoint: 5299 ns, Total: 147934 ns
[2020-10-18T15:35:04.187+0000][6][safepoint   ] Safepoint "ICBufferFull", Time since last: 31163850 ns, Reaching safepoint: 76872 ns, At safepoint: 5543 ns, Total: 82415 ns
[2020-10-18T15:35:04.198+0000][6][safepoint   ] Safepoint "ICBufferFull", Time since last: 11226342 ns, Reaching safepoint: 73904 ns, At safepoint: 4443 ns, Total: 78347 ns
[2020-10-18T15:35:04.203+0000][6][safepoint   ] Safepoint "ICBufferFull", Time since last: 5190937 ns, Reaching safepoint: 129868 ns, At safepoint: 5811 ns, Total: 135679 ns
[2020-10-18T15:35:04.213+0000][6][safepoint   ] Safepoint "ICBufferFull", Time since last: 8557875 ns, Reaching safepoint: 1250985 ns, At safepoint: 6561 ns, Total: 1257546 ns
[2020-10-18T15:35:04.224+0000][6][safepoint   ] Safepoint "ICBufferFull", Time since last: 10465282 ns, Reaching safepoint: 161222 ns, At safepoint: 4138 ns, Total: 165360 ns
[2020-10-18T15:35:04.234+0000][6][safepoint   ] Safepoint "ICBufferFull", Time since last: 9965551 ns, Reaching safepoint: 128304 ns, At safepoint: 3965 ns, Total: 132269 ns
[2020-10-18T15:35:04.242+0000][6][safepoint   ] Safepoint "ICBufferFull", Time since last: 8298206 ns, Reaching safepoint: 60623 ns, At safepoint: 5997 ns, Total: 66620 ns
[2020-10-18T15:35:04.255+0000][6][safepoint   ] Safepoint "ICBufferFull", Time since last: 4837555 ns, Reaching safepoint: 8334581 ns, At safepoint: 10652 ns, Total: 8345233 ns
[2020-10-18T15:35:04.267+0000][6][safepoint   ] Safepoint "ICBufferFull", Time since last: 8462802 ns, Reaching safepoint: 2914825 ns, At safepoint: 10602 ns, Total: 2925427 ns
[2020-10-18T15:35:04.271+0000][6][safepoint   ] Safepoint "ICBufferFull", Time since last: 4025934 ns, Reaching safepoint: 54563 ns, At safepoint: 3816 ns, Total: 58379 ns
[2020-10-18T15:35:04.275+0000][6][safepoint   ] Safepoint "ICBufferFull", Time since last: 4421431 ns, Reaching safepoint: 131075 ns, At safepoint: 8878 ns, Total: 139953 ns
[2020-10-18T15:35:04.280+0000][6][safepoint   ] Safepoint "ICBufferFull", Time since last: 4584046 ns, Reaching safepoint: 137364 ns, At safepoint: 4585 ns, Total: 141949 ns
[2020-10-18T15:35:04.287+0000][6][safepoint   ] Safepoint "ICBufferFull", Time since last: 6922294 ns, Reaching safepoint: 139015 ns, At safepoint: 6835 ns, Total: 145850 ns
[2020-10-18T15:35:04.336+0000][6][gc,start    ] GC(1) Pause Young (Normal) (G1 Evacuation Pause)
[2020-10-18T15:35:04.336+0000][6][gc,task     ] GC(1) Using 4 workers of 4 for evacuation
[2020-10-18T15:35:04.336+0000][6][gc,age      ] GC(1) Desired survivor size 3670016 bytes, new threshold 1 (max threshold 15)
[2020-10-18T15:35:04.353+0000][6][gc,age      ] GC(1) Age table with threshold 1 (max threshold 15)
[2020-10-18T15:35:04.353+0000][6][gc,age      ] GC(1) - age   1:    2254248 bytes,    2254248 total
[2020-10-18T15:35:04.353+0000][6][gc,phases   ] GC(1)   Pre Evacuate Collection Set: 0.2ms
[2020-10-18T15:35:04.353+0000][6][gc,phases   ] GC(1)   Merge Heap Roots: 0.1ms
[2020-10-18T15:35:04.353+0000][6][gc,phases   ] GC(1)   Evacuate Collection Set: 15.4ms
[2020-10-18T15:35:04.353+0000][6][gc,phases   ] GC(1)   Post Evacuate Collection Set: 0.6ms
[2020-10-18T15:35:04.353+0000][6][gc,phases   ] GC(1)   Other: 0.3ms
[2020-10-18T15:35:04.353+0000][6][gc,heap     ] GC(1) Eden regions: 45->0(59)
[2020-10-18T15:35:04.353+0000][6][gc,heap     ] GC(1) Survivor regions: 6->3(7)
[2020-10-18T15:35:04.353+0000][6][gc,heap     ] GC(1) Old regions: 0->6
[2020-10-18T15:35:04.353+0000][6][gc,heap     ] GC(1) Archive regions: 2->2
[2020-10-18T15:35:04.353+0000][6][gc,heap     ] GC(1) Humongous regions: 2->1
[2020-10-18T15:35:04.353+0000][6][gc,metaspace] GC(1) Metaspace: 15845K(16384K)->15845K(16384K) NonClass: 13947K(14336K)->13947K(14336K) Class: 1898K(2048K)->1898K(2048K)
[2020-10-18T15:35:04.353+0000][6][gc          ] GC(1) Pause Young (Normal) (G1 Evacuation Pause) 53M->9M(1024M) 16.498ms
[2020-10-18T15:35:04.353+0000][6][gc,cpu      ] GC(1) User=0.02s Sys=0.00s Real=0.02s
[2020-10-18T15:35:04.353+0000][6][safepoint   ] Safepoint "G1CollectForAllocation", Time since last: 45452745 ns, Reaching safepoint: 3782793 ns, At safepoint: 16586715 ns, Total: 20369508 ns
[2020-10-18T15:35:04.837+0000][6][gc,heap,exit] Heap
[2020-10-18T15:35:04.837+0000][6][gc,heap,exit]  garbage-first heap   total 1048576K, used 56202K [0x00000000c0000000, 0x0000000100000000)
[2020-10-18T15:35:04.837+0000][6][gc,heap,exit]   region size 1024K, 49 young (50176K), 3 survivors (3072K)
[2020-10-18T15:35:04.837+0000][6][gc,heap,exit]  Metaspace       used 16516K, capacity 16829K, committed 17024K, reserved 1064960K
[2020-10-18T15:35:04.837+0000][6][gc,heap,exit]   class space    used 1967K, capacity 2096K, committed 2176K, reserved 1048576K
