[2020-10-18T15:34:06.626+0000][184][gc] Using G1
[2020-10-18T15:34:06.655+0000][184][gc,init] Version: 15+36 (release)
[2020-10-18T15:34:06.655+0000][184][gc,init] CPUs: 4 total, 4 available
[2020-10-18T15:34:06.655+0000][184][gc,init] Memory: 7860M
[2020-10-18T15:34:06.655+0000][184][gc,init] Large Page Support: Disabled
[2020-10-18T15:34:06.655+0000][184][gc,init] NUMA Support: Disabled
[2020-10-18T15:34:06.655+0000][184][gc,init] Compressed Oops: Enabled (32-bit)
[2020-10-18T15:34:06.655+0000][184][gc,init] Heap Region Size: 1M
[2020-10-18T15:34:06.655+0000][184][gc,init] Heap Min Capacity: 1G
[2020-10-18T15:34:06.655+0000][184][gc,init] Heap Initial Capacity: 1G
[2020-10-18T15:34:06.655+0000][184][gc,init] Heap Max Capacity: 1G
[2020-10-18T15:34:06.655+0000][184][gc,init] Pre-touch: Disabled
[2020-10-18T15:34:06.655+0000][184][gc,init] Parallel Workers: 4
[2020-10-18T15:34:06.655+0000][184][gc,init] Concurrent Workers: 1
[2020-10-18T15:34:06.655+0000][184][gc,init] Concurrent Refinement Workers: 4
[2020-10-18T15:34:06.655+0000][184][gc,init] Periodic GC: Disabled
[2020-10-18T15:34:06.655+0000][184][gc,metaspace] CDS disabled.
[2020-10-18T15:34:06.655+0000][184][gc,metaspace] Compressed class space mapped at: 0x0000000100000000-0x0000000140000000, size: 1073741824
[2020-10-18T15:34:06.655+0000][184][gc,metaspace] Narrow klass base: 0x0000000000000000, Narrow klass shift: 3, Narrow klass range: 0x140000000
[2020-10-18T15:34:06.806+0000][184][gc,heap,exit] Heap
[2020-10-18T15:34:06.806+0000][184][gc,heap,exit]  garbage-first heap   total 1048576K, used 1024K [0x00000000c0000000, 0x0000000100000000)
[2020-10-18T15:34:06.806+0000][184][gc,heap,exit]   region size 1024K, 2 young (2048K), 0 survivors (0K)
[2020-10-18T15:34:06.806+0000][184][gc,heap,exit]  Metaspace       used 3396K, capacity 4480K, committed 4480K, reserved 1056768K
[2020-10-18T15:34:06.806+0000][184][gc,heap,exit]   class space    used 278K, capacity 384K, committed 384K, reserved 1048576K
