[2020-10-18T15:33:44.865+0000][6][gc] Using G1
[2020-10-18T15:33:45.381+0000][6][gc,init] Version: 15+36 (release)
[2020-10-18T15:33:45.381+0000][6][gc,init] CPUs: 4 total, 4 available
[2020-10-18T15:33:45.382+0000][6][gc,init] Memory: 7860M
[2020-10-18T15:33:45.382+0000][6][gc,init] Large Page Support: Disabled
[2020-10-18T15:33:45.382+0000][6][gc,init] NUMA Support: Disabled
[2020-10-18T15:33:45.382+0000][6][gc,init] Compressed Oops: Enabled (32-bit)
[2020-10-18T15:33:45.382+0000][6][gc,init] Heap Region Size: 1M
[2020-10-18T15:33:45.382+0000][6][gc,init] Heap Min Capacity: 1G
[2020-10-18T15:33:45.382+0000][6][gc,init] Heap Initial Capacity: 1G
[2020-10-18T15:33:45.382+0000][6][gc,init] Heap Max Capacity: 1G
[2020-10-18T15:33:45.382+0000][6][gc,init] Pre-touch: Enabled
[2020-10-18T15:33:45.382+0000][6][gc,init] Parallel Workers: 4
[2020-10-18T15:33:45.382+0000][6][gc,init] Concurrent Workers: 1
[2020-10-18T15:33:45.382+0000][6][gc,init] Concurrent Refinement Workers: 4
[2020-10-18T15:33:45.382+0000][6][gc,init] Periodic GC: Disabled
[2020-10-18T15:33:45.382+0000][6][gc,cds ] Mark closed archive regions in map: [0x00000000fff00000, 0x00000000fff7bff8]
[2020-10-18T15:33:45.382+0000][6][gc,cds ] Mark open archive regions in map: [0x00000000ffe00000, 0x00000000ffe51ff8]
[2020-10-18T15:33:45.382+0000][6][gc,metaspace] CDS archive(s) mapped at: [0x0000000800000000-0x0000000800b29000-0x0000000800b29000), size 11702272, SharedBaseAddress: 0x0000000800000000, ArchiveRelocationMode: 0.
[2020-10-18T15:33:45.382+0000][6][gc,metaspace] Compressed class space mapped at: 0x0000000800b2c000-0x0000000840b2c000, size: 1073741824
[2020-10-18T15:33:45.382+0000][6][gc,metaspace] Narrow klass base: 0x0000000800000000, Narrow klass shift: 3, Narrow klass range: 0x100000000
[2020-10-18T15:33:46.594+0000][6][safepoint   ] Safepoint "ICBufferFull", Time since last: 1203138130 ns, Reaching safepoint: 142441 ns, At safepoint: 5014 ns, Total: 147455 ns
[2020-10-18T15:33:47.961+0000][6][safepoint   ] Safepoint "Cleanup", Time since last: 1366483392 ns, Reaching safepoint: 122598 ns, At safepoint: 6688 ns, Total: 129286 ns
[2020-10-18T15:33:49.070+0000][6][gc,start    ] GC(0) Pause Young (Normal) (G1 Evacuation Pause)
[2020-10-18T15:33:49.087+0000][6][gc,task     ] GC(0) Using 4 workers of 4 for evacuation
[2020-10-18T15:33:49.105+0000][6][gc,age      ] GC(0) Desired survivor size 3670016 bytes, new threshold 15 (max threshold 15)
[2020-10-18T15:33:49.115+0000][6][gc,age      ] GC(0) Age table with threshold 15 (max threshold 15)
[2020-10-18T15:33:49.115+0000][6][gc,age      ] GC(0) - age   1:    5984456 bytes,    5984456 total
[2020-10-18T15:33:49.115+0000][6][gc,phases   ] GC(0)   Pre Evacuate Collection Set: 0.1ms
[2020-10-18T15:33:49.115+0000][6][gc,phases   ] GC(0)   Merge Heap Roots: 0.0ms
[2020-10-18T15:33:49.115+0000][6][gc,phases   ] GC(0)   Evacuate Collection Set: 8.9ms
[2020-10-18T15:33:49.115+0000][6][gc,phases   ] GC(0)   Post Evacuate Collection Set: 0.8ms
[2020-10-18T15:33:49.115+0000][6][gc,phases   ] GC(0)   Other: 35.0ms
[2020-10-18T15:33:49.115+0000][6][gc,heap     ] GC(0) Eden regions: 51->0(46)
[2020-10-18T15:33:49.115+0000][6][gc,heap     ] GC(0) Survivor regions: 0->6(7)
[2020-10-18T15:33:49.115+0000][6][gc,heap     ] GC(0) Old regions: 0->0
[2020-10-18T15:33:49.115+0000][6][gc,heap     ] GC(0) Archive regions: 2->2
[2020-10-18T15:33:49.115+0000][6][gc,heap     ] GC(0) Humongous regions: 1->1
[2020-10-18T15:33:49.115+0000][6][gc,metaspace] GC(0) Metaspace: 13482K(14080K)->13482K(14080K) NonClass: 11875K(12288K)->11875K(12288K) Class: 1607K(1792K)->1607K(1792K)
[2020-10-18T15:33:49.115+0000][6][gc          ] GC(0) Pause Young (Normal) (G1 Evacuation Pause) 52M->7M(1024M) 44.867ms
[2020-10-18T15:33:49.115+0000][6][gc,cpu      ] GC(0) User=0.03s Sys=0.01s Real=0.05s
[2020-10-18T15:33:49.115+0000][6][safepoint   ] Safepoint "G1CollectForAllocation", Time since last: 1109686885 ns, Reaching safepoint: 134007 ns, At safepoint: 44937394 ns, Total: 45071401 ns
[2020-10-18T15:33:49.220+0000][6][gc,heap,exit] Heap
[2020-10-18T15:33:49.220+0000][6][gc,heap,exit]  garbage-first heap   total 1048576K, used 17992K [0x00000000c0000000, 0x0000000100000000)
[2020-10-18T15:33:49.220+0000][6][gc,heap,exit]   region size 1024K, 18 young (18432K), 6 survivors (6144K)
[2020-10-18T15:33:49.220+0000][6][gc,heap,exit]  Metaspace       used 13787K, capacity 14045K, committed 14336K, reserved 1062912K
[2020-10-18T15:33:49.220+0000][6][gc,heap,exit]   class space    used 1644K, capacity 1723K, committed 1792K, reserved 1048576K
